------------------------------------------------------------
TimeQuest Timing Analyzer Summary
------------------------------------------------------------

Type  : Slow 1200mV 85C Model Setup 'b2v_inst|inst|altpll_component|auto_generated|pll1|clk[2]'
Slack : -3.408
TNS   : -1004.492

Type  : Slow 1200mV 85C Model Setup 'b2v_inst|inst|altpll_component|auto_generated|pll1|clk[0]'
Slack : 394.535
TNS   : 0.000

Type  : Slow 1200mV 85C Model Setup 'b2v_inst|inst|altpll_component|auto_generated|pll1|clk[1]'
Slack : 1244.722
TNS   : 0.000

Type  : Slow 1200mV 85C Model Hold 'b2v_inst|inst|altpll_component|auto_generated|pll1|clk[2]'
Slack : 0.341
TNS   : 0.000

Type  : Slow 1200mV 85C Model Hold 'b2v_inst|inst|altpll_component|auto_generated|pll1|clk[0]'
Slack : 0.355
TNS   : 0.000

Type  : Slow 1200mV 85C Model Hold 'b2v_inst|inst|altpll_component|auto_generated|pll1|clk[1]'
Slack : 0.373
TNS   : 0.000

Type  : Slow 1200mV 85C Model Minimum Pulse Width 'INICIO'
Slack : -3.000
TNS   : -3.000

Type  : Slow 1200mV 85C Model Minimum Pulse Width 'inclk0'
Slack : 9.826
TNS   : 0.000

Type  : Slow 1200mV 85C Model Minimum Pulse Width 'b2v_inst|inst|altpll_component|auto_generated|pll1|clk[0]'
Slack : 399.717
TNS   : 0.000

Type  : Slow 1200mV 85C Model Minimum Pulse Width 'b2v_inst|inst|altpll_component|auto_generated|pll1|clk[1]'
Slack : 449.885
TNS   : 0.000

Type  : Slow 1200mV 85C Model Minimum Pulse Width 'b2v_inst|inst|altpll_component|auto_generated|pll1|clk[2]'
Slack : 249999.714
TNS   : 0.000

Type  : Slow 1200mV 0C Model Setup 'b2v_inst|inst|altpll_component|auto_generated|pll1|clk[2]'
Slack : -2.975
TNS   : -863.563

Type  : Slow 1200mV 0C Model Setup 'b2v_inst|inst|altpll_component|auto_generated|pll1|clk[0]'
Slack : 395.127
TNS   : 0.000

Type  : Slow 1200mV 0C Model Setup 'b2v_inst|inst|altpll_component|auto_generated|pll1|clk[1]'
Slack : 1245.297
TNS   : 0.000

Type  : Slow 1200mV 0C Model Hold 'b2v_inst|inst|altpll_component|auto_generated|pll1|clk[2]'
Slack : 0.297
TNS   : 0.000

Type  : Slow 1200mV 0C Model Hold 'b2v_inst|inst|altpll_component|auto_generated|pll1|clk[0]'
Slack : 0.322
TNS   : 0.000

Type  : Slow 1200mV 0C Model Hold 'b2v_inst|inst|altpll_component|auto_generated|pll1|clk[1]'
Slack : 0.332
TNS   : 0.000

Type  : Slow 1200mV 0C Model Minimum Pulse Width 'INICIO'
Slack : -3.000
TNS   : -3.000

Type  : Slow 1200mV 0C Model Minimum Pulse Width 'inclk0'
Slack : 9.844
TNS   : 0.000

Type  : Slow 1200mV 0C Model Minimum Pulse Width 'b2v_inst|inst|altpll_component|auto_generated|pll1|clk[0]'
Slack : 399.719
TNS   : 0.000

Type  : Slow 1200mV 0C Model Minimum Pulse Width 'b2v_inst|inst|altpll_component|auto_generated|pll1|clk[1]'
Slack : 449.879
TNS   : 0.000

Type  : Slow 1200mV 0C Model Minimum Pulse Width 'b2v_inst|inst|altpll_component|auto_generated|pll1|clk[2]'
Slack : 249999.711
TNS   : 0.000

Type  : Fast 1200mV 0C Model Setup 'b2v_inst|inst|altpll_component|auto_generated|pll1|clk[2]'
Slack : -1.806
TNS   : -546.504

Type  : Fast 1200mV 0C Model Setup 'b2v_inst|inst|altpll_component|auto_generated|pll1|clk[0]'
Slack : 396.773
TNS   : 0.000

Type  : Fast 1200mV 0C Model Setup 'b2v_inst|inst|altpll_component|auto_generated|pll1|clk[1]'
Slack : 1246.950
TNS   : 0.000

Type  : Fast 1200mV 0C Model Hold 'b2v_inst|inst|altpll_component|auto_generated|pll1|clk[2]'
Slack : 0.178
TNS   : 0.000

Type  : Fast 1200mV 0C Model Hold 'b2v_inst|inst|altpll_component|auto_generated|pll1|clk[0]'
Slack : 0.182
TNS   : 0.000

Type  : Fast 1200mV 0C Model Hold 'b2v_inst|inst|altpll_component|auto_generated|pll1|clk[1]'
Slack : 0.196
TNS   : 0.000

Type  : Fast 1200mV 0C Model Minimum Pulse Width 'INICIO'
Slack : -3.000
TNS   : -3.000

Type  : Fast 1200mV 0C Model Minimum Pulse Width 'inclk0'
Slack : 9.625
TNS   : 0.000

Type  : Fast 1200mV 0C Model Minimum Pulse Width 'b2v_inst|inst|altpll_component|auto_generated|pll1|clk[0]'
Slack : 399.755
TNS   : 0.000

Type  : Fast 1200mV 0C Model Minimum Pulse Width 'b2v_inst|inst|altpll_component|auto_generated|pll1|clk[1]'
Slack : 449.844
TNS   : 0.000

Type  : Fast 1200mV 0C Model Minimum Pulse Width 'b2v_inst|inst|altpll_component|auto_generated|pll1|clk[2]'
Slack : 249999.754
TNS   : 0.000

------------------------------------------------------------
