Flow report for sub4
Mon Dec 01 14:18:19 2025
Quartus II 64-Bit Version 13.0.1 Build 232 06/12/2013 Service Pack 1 SJ Web Edition


---------------------
; Table of Contents ;
---------------------
  1. Legal Notice
  2. Flow Summary
  3. Flow Settings
  4. Flow Non-Default Global Settings
  5. Flow Elapsed Time
  6. Flow OS Summary
  7. Flow Log
  8. Flow Messages
  9. Flow Suppressed Messages



----------------
; Legal Notice ;
----------------
Copyright (C) 1991-2013 Altera Corporation
Your use of Altera Corporation's design tools, logic functions 
and other software and tools, and its AMPP partner logic 
functions, and any output files from any of the foregoing 
(including device programming or simulation files), and any 
associated documentation or information are expressly subject 
to the terms and conditions of the Altera Program License 
Subscription Agreement, Altera MegaCore Function License 
Agreement, or other applicable license agreement, including, 
without limitation, that your use is for the sole purpose of 
programming logic devices manufactured by Altera and sold by 
Altera or its authorized distributors.  Please refer to the 
applicable agreement for further details.



+--------------------------------------------------------------------------------------+
; Flow Summary                                                                         ;
+------------------------------------+-------------------------------------------------+
; Flow Status                        ; Successful - Mon Dec 01 14:18:10 2025           ;
; Quartus II 64-Bit Version          ; 13.0.1 Build 232 06/12/2013 SP 1 SJ Web Edition ;
; Revision Name                      ; sub4                                            ;
; Top-level Entity Name              ; Maquina                                         ;
; Family                             ; Cyclone III                                     ;
; Device                             ; EP3C120F780C7                                   ;
; Timing Models                      ; Final                                           ;
; Total logic elements               ; 33 / 119,088 ( < 1 % )                          ;
;     Total combinational functions  ; 33 / 119,088 ( < 1 % )                          ;
;     Dedicated logic registers      ; 12 / 119,088 ( < 1 % )                          ;
; Total registers                    ; 12                                              ;
; Total pins                         ; 16 / 532 ( 3 % )                                ;
; Total virtual pins                 ; 0                                               ;
; Total memory bits                  ; 0 / 3,981,312 ( 0 % )                           ;
; Embedded Multiplier 9-bit elements ; 0 / 576 ( 0 % )                                 ;
; Total PLLs                         ; 0 / 4 ( 0 % )                                   ;
+------------------------------------+-------------------------------------------------+


+-----------------------------------------+
; Flow Settings                           ;
+-------------------+---------------------+
; Option            ; Setting             ;
+-------------------+---------------------+
; Start date & time ; 12/01/2025 14:16:51 ;
; Main task         ; Compilation         ;
; Revision Name     ; sub4                ;
+-------------------+---------------------+


+---------------------------------------------------------------------------------------------------------------+
; Flow Non-Default Global Settings                                                                              ;
+-------------------------------------+------------------------------+---------------+-------------+------------+
; Assignment Name                     ; Value                        ; Default Value ; Entity Name ; Section Id ;
+-------------------------------------+------------------------------+---------------+-------------+------------+
; COMPILER_SIGNATURE_ID               ; 929341649242.176460941109840 ; --            ; --          ; --         ;
; MAX_CORE_JUNCTION_TEMP              ; 85                           ; --            ; --          ; --         ;
; MIN_CORE_JUNCTION_TEMP              ; 0                            ; --            ; --          ; --         ;
; NOMINAL_CORE_SUPPLY_VOLTAGE         ; 1.2V                         ; --            ; --          ; --         ;
; PARTITION_COLOR                     ; 16764057                     ; --            ; Maquina     ; Top        ;
; PARTITION_FITTER_PRESERVATION_LEVEL ; PLACEMENT_AND_ROUTING        ; --            ; Maquina     ; Top        ;
; PARTITION_NETLIST_TYPE              ; SOURCE                       ; --            ; Maquina     ; Top        ;
; PROJECT_OUTPUT_DIRECTORY            ; output_files                 ; --            ; --          ; --         ;
; TOP_LEVEL_ENTITY                    ; Maquina                      ; sub4          ; --          ; --         ;
+-------------------------------------+------------------------------+---------------+-------------+------------+


+-------------------------------------------------------------------------------------------------------------------------------+
; Flow Elapsed Time                                                                                                             ;
+---------------------------+--------------+-------------------------+---------------------+------------------------------------+
; Module Name               ; Elapsed Time ; Average Processors Used ; Peak Virtual Memory ; Total CPU Time (on all processors) ;
+---------------------------+--------------+-------------------------+---------------------+------------------------------------+
; Analysis & Synthesis      ; 00:00:08     ; 1.0                     ; 4627 MB             ; 00:00:04                           ;
; Fitter                    ; 00:00:54     ; 1.0                     ; 5051 MB             ; 00:00:47                           ;
; Assembler                 ; 00:00:13     ; 1.0                     ; 4555 MB             ; 00:00:12                           ;
; TimeQuest Timing Analyzer ; 00:00:08     ; 1.0                     ; 4639 MB             ; 00:00:06                           ;
; Total                     ; 00:01:23     ; --                      ; --                  ; 00:01:09                           ;
+---------------------------+--------------+-------------------------+---------------------+------------------------------------+


+----------------------------------------------------------------------------------------+
; Flow OS Summary                                                                        ;
+---------------------------+------------------+-----------+------------+----------------+
; Module Name               ; Machine Hostname ; OS Name   ; OS Version ; Processor type ;
+---------------------------+------------------+-----------+------------+----------------+
; Analysis & Synthesis      ; MAURELAUTARO21   ; Windows 7 ; 6.2        ; x86_64         ;
; Fitter                    ; MAURELAUTARO21   ; Windows 7 ; 6.2        ; x86_64         ;
; Assembler                 ; MAURELAUTARO21   ; Windows 7 ; 6.2        ; x86_64         ;
; TimeQuest Timing Analyzer ; MAURELAUTARO21   ; Windows 7 ; 6.2        ; x86_64         ;
+---------------------------+------------------+-----------+------------+----------------+


------------
; Flow Log ;
------------
quartus_map --read_settings_files=on --write_settings_files=off sub4 -c sub4
quartus_fit --read_settings_files=off --write_settings_files=off sub4 -c sub4
quartus_asm --read_settings_files=off --write_settings_files=off sub4 -c sub4
quartus_sta sub4 -c sub4



